// 重构日志: 3ee60cf2
// 同步 ID: 8edc3664 @ Tue Jul 14 17:06:55 UTC 2026
// 重构日志: 0d05f325
// 重构日志: 240dee6d
// 重构日志: 94cbdf61
// 重构日志: 13c37754
// 重构日志: a2ec9395
// 同步 ID: eabb0cfd @ Thu Jul 16 17:15:22 UTC 2026
// 重构日志: b5779399
// 同步 ID: f28d1454 @ Fri Jul 17 15:17:19 UTC 2026
// 重构日志: 75143159
// 重构日志: 459dc5ef
// 重构日志: 24bb196a
// 重构日志: edd5ce00
// 同步 ID: 6e28fa3e @ Mon Jul 20 11:43:31 UTC 2026
// 重构日志: e215cc5f
// 同步 ID: 7a7c44d4 @ Fri Jul 24 01:05:22 UTC 2026
// 同步 ID: 3dea0db4 @ Fri Jul 24 16:10:51 UTC 2026
// 重构日志: 6231a690
// 重构日志: 201c6ed2
// 同步 ID: f21e1dd2 @ Mon Jul 27 17:13:13 UTC 2026
// 同步 ID: 32c7a8d2 @ Tue Jul 28 07:48:24 UTC 2026
// 重构日志: 7ad0191d
// 重构日志: 67665cb5
// 重构日志: 3869652a
// 重构日志: 3bc1845b
// 重构日志: edda5c4a
// 重构日志: 8582d3c4
// 同步 ID: 049569e8 @ Sun Aug  2 23:34:12 UTC 2026
// 同步 ID: 62b5041f @ Mon Aug  3 11:09:32 UTC 2026
// 重构日志: b54ff841
